[
  {
    "map": "map_1",
    "name": "record_1",
    "overwrite_special": 0,
    "special_0": 0,
    "special_1": 1
  },
  {
    "map": "map_1",
    "name": "record_2",
    "overwrite_special": 1,
    "special_1": 1
  },
  {
    "map": "map_2",
    "name": "record_3.record_1",
    "overwrite_special": 0,
    "special_0": 0,
    "special_1": 1,
    "special_2": 2,
    "special_3": 3
  },
  {
    "map": "map_2",
    "name": "record_3.record_2",
    "overwrite_special": 1,
    "special_1": 1,
    "special_2": 2,
    "special_3": 3
  },
  {
    "map": "map_2",
    "name": "record_4[0].record_1",
    "overwrite_special": 0,
    "special_0": 0,
    "special_1": 1,
    "special_2": 2,
    "special_4": 4
  },
  {
    "map": "map_2",
    "name": "record_4[0].record_2",
    "overwrite_special": 1,
    "special_1": 1,
    "special_2": 2,
    "special_4": 4
  },
  {
    "map": "map_2",
    "name": "record_4[1].record_1",
    "overwrite_special": 0,
    "special_0": 0,
    "special_1": 1,
    "special_2": 2,
    "special_4": 4
  },
  {
    "map": "map_2",
    "name": "record_4[1].record_2",
    "overwrite_special": 1,
    "special_1": 1,
    "special_2": 2,
    "special_4": 4
  },
  {
    "map": "map_2",
    "name": "record_5",
    "overwrite_special": 2,
    "special_2": 2
  },
  {
    "map": "map_2",
    "name": "record_6.field_1",
    "overwrite_special": 15,
    "special_14": 14,
    "special_15": 15,
    "special_2": 2
  },
  {
    "map": "map_2",
    "name": "record_6.field_2",
    "overwrite_special": 14,
    "special_14": 14,
    "special_2": 2
  },
  {
    "map": "map_2",
    "name": "record_6.padding",
    "overwrite_special": 14,
    "reserved": true,
    "special_14": 14,
    "special_2": 2
  },
  {
    "map": "map_2",
    "name": "record_7[0].field_1",
    "overwrite_special": 15,
    "special_14": 14,
    "special_15": 15,
    "special_2": 2
  },
  {
    "map": "map_2",
    "name": "record_7[0].field_2",
    "overwrite_special": 14,
    "special_14": 14,
    "special_2": 2
  },
  {
    "map": "map_2",
    "name": "record_7[0].padding",
    "overwrite_special": 14,
    "reserved": true,
    "special_14": 14,
    "special_2": 2
  },
  {
    "map": "map_2",
    "name": "record_7[1].field_1",
    "overwrite_special": 15,
    "special_14": 14,
    "special_15": 15,
    "special_2": 2
  },
  {
    "map": "map_2",
    "name": "record_7[1].field_2",
    "overwrite_special": 14,
    "special_14": 14,
    "special_2": 2
  },
  {
    "map": "map_2",
    "name": "record_7[1].padding",
    "overwrite_special": 14,
    "reserved": true,
    "special_14": 14,
    "special_2": 2
  },
  {
    "map": "map_3",
    "name": "record_9.record_3.record_1",
    "overwrite_special": 0,
    "special_0": 0,
    "special_1": 1,
    "special_2": 2,
    "special_3": 3,
    "special_8": 8,
    "special_9": 9
  },
  {
    "map": "map_3",
    "name": "record_9.record_3.record_2",
    "overwrite_special": 1,
    "special_1": 1,
    "special_2": 2,
    "special_3": 3,
    "special_8": 8,
    "special_9": 9
  },
  {
    "map": "map_3",
    "name": "record_9.record_4[0].record_1",
    "overwrite_special": 0,
    "special_0": 0,
    "special_1": 1,
    "special_2": 2,
    "special_4": 4,
    "special_8": 8,
    "special_9": 9
  },
  {
    "map": "map_3",
    "name": "record_9.record_4[0].record_2",
    "overwrite_special": 1,
    "special_1": 1,
    "special_2": 2,
    "special_4": 4,
    "special_8": 8,
    "special_9": 9
  },
  {
    "map": "map_3",
    "name": "record_9.record_4[1].record_1",
    "overwrite_special": 0,
    "special_0": 0,
    "special_1": 1,
    "special_2": 2,
    "special_4": 4,
    "special_8": 8,
    "special_9": 9
  },
  {
    "map": "map_3",
    "name": "record_9.record_4[1].record_2",
    "overwrite_special": 1,
    "special_1": 1,
    "special_2": 2,
    "special_4": 4,
    "special_8": 8,
    "special_9": 9
  },
  {
    "map": "map_3",
    "name": "record_9.record_5",
    "overwrite_special": 2,
    "special_2": 2,
    "special_8": 8,
    "special_9": 9
  },
  {
    "map": "map_3",
    "name": "record_9.record_6.field_1",
    "overwrite_special": 15,
    "special_14": 14,
    "special_15": 15,
    "special_2": 2,
    "special_8": 8,
    "special_9": 9
  },
  {
    "map": "map_3",
    "name": "record_9.record_6.field_2",
    "overwrite_special": 14,
    "special_14": 14,
    "special_2": 2,
    "special_8": 8,
    "special_9": 9
  },
  {
    "map": "map_3",
    "name": "record_9.record_6.padding",
    "overwrite_special": 14,
    "reserved": true,
    "special_14": 14,
    "special_2": 2,
    "special_8": 8,
    "special_9": 9
  },
  {
    "map": "map_3",
    "name": "record_9.record_7[0].field_1",
    "overwrite_special": 15,
    "special_14": 14,
    "special_15": 15,
    "special_2": 2,
    "special_8": 8,
    "special_9": 9
  },
  {
    "map": "map_3",
    "name": "record_9.record_7[0].field_2",
    "overwrite_special": 14,
    "special_14": 14,
    "special_2": 2,
    "special_8": 8,
    "special_9": 9
  },
  {
    "map": "map_3",
    "name": "record_9.record_7[0].padding",
    "overwrite_special": 14,
    "reserved": true,
    "special_14": 14,
    "special_2": 2,
    "special_8": 8,
    "special_9": 9
  },
  {
    "map": "map_3",
    "name": "record_9.record_7[1].field_1",
    "overwrite_special": 15,
    "special_14": 14,
    "special_15": 15,
    "special_2": 2,
    "special_8": 8,
    "special_9": 9
  },
  {
    "map": "map_3",
    "name": "record_9.record_7[1].field_2",
    "overwrite_special": 14,
    "special_14": 14,
    "special_2": 2,
    "special_8": 8,
    "special_9": 9
  },
  {
    "map": "map_3",
    "name": "record_9.record_7[1].padding",
    "overwrite_special": 14,
    "reserved": true,
    "special_14": 14,
    "special_2": 2,
    "special_8": 8,
    "special_9": 9
  },
  {
    "map": "map_3",
    "name": "record_10[0].record_3.record_1",
    "overwrite_special": 0,
    "special_0": 0,
    "special_1": 1,
    "special_2": 2,
    "special_3": 3,
    "special_5": 10,
    "special_8": 8
  },
  {
    "map": "map_3",
    "name": "record_10[0].record_3.record_2",
    "overwrite_special": 1,
    "special_1": 1,
    "special_2": 2,
    "special_3": 3,
    "special_5": 10,
    "special_8": 8
  },
  {
    "map": "map_3",
    "name": "record_10[0].record_4[0].record_1",
    "overwrite_special": 0,
    "special_0": 0,
    "special_1": 1,
    "special_2": 2,
    "special_4": 4,
    "special_5": 10,
    "special_8": 8
  },
  {
    "map": "map_3",
    "name": "record_10[0].record_4[0].record_2",
    "overwrite_special": 1,
    "special_1": 1,
    "special_2": 2,
    "special_4": 4,
    "special_5": 10,
    "special_8": 8
  },
  {
    "map": "map_3",
    "name": "record_10[0].record_4[1].record_1",
    "overwrite_special": 0,
    "special_0": 0,
    "special_1": 1,
    "special_2": 2,
    "special_4": 4,
    "special_5": 10,
    "special_8": 8
  },
  {
    "map": "map_3",
    "name": "record_10[0].record_4[1].record_2",
    "overwrite_special": 1,
    "special_1": 1,
    "special_2": 2,
    "special_4": 4,
    "special_5": 10,
    "special_8": 8
  },
  {
    "map": "map_3",
    "name": "record_10[0].record_5",
    "overwrite_special": 2,
    "special_2": 2,
    "special_5": 10,
    "special_8": 8
  },
  {
    "map": "map_3",
    "name": "record_10[0].record_6.field_1",
    "overwrite_special": 15,
    "special_14": 14,
    "special_15": 15,
    "special_2": 2,
    "special_5": 10,
    "special_8": 8
  },
  {
    "map": "map_3",
    "name": "record_10[0].record_6.field_2",
    "overwrite_special": 14,
    "special_14": 14,
    "special_2": 2,
    "special_5": 10,
    "special_8": 8
  },
  {
    "map": "map_3",
    "name": "record_10[0].record_6.padding",
    "overwrite_special": 14,
    "reserved": true,
    "special_14": 14,
    "special_2": 2,
    "special_5": 10,
    "special_8": 8
  },
  {
    "map": "map_3",
    "name": "record_10[0].record_7[0].field_1",
    "overwrite_special": 15,
    "special_14": 14,
    "special_15": 15,
    "special_2": 2,
    "special_5": 10,
    "special_8": 8
  },
  {
    "map": "map_3",
    "name": "record_10[0].record_7[0].field_2",
    "overwrite_special": 14,
    "special_14": 14,
    "special_2": 2,
    "special_5": 10,
    "special_8": 8
  },
  {
    "map": "map_3",
    "name": "record_10[0].record_7[0].padding",
    "overwrite_special": 14,
    "reserved": true,
    "special_14": 14,
    "special_2": 2,
    "special_5": 10,
    "special_8": 8
  },
  {
    "map": "map_3",
    "name": "record_10[0].record_7[1].field_1",
    "overwrite_special": 15,
    "special_14": 14,
    "special_15": 15,
    "special_2": 2,
    "special_5": 10,
    "special_8": 8
  },
  {
    "map": "map_3",
    "name": "record_10[0].record_7[1].field_2",
    "overwrite_special": 14,
    "special_14": 14,
    "special_2": 2,
    "special_5": 10,
    "special_8": 8
  },
  {
    "map": "map_3",
    "name": "record_10[0].record_7[1].padding",
    "overwrite_special": 14,
    "reserved": true,
    "special_14": 14,
    "special_2": 2,
    "special_5": 10,
    "special_8": 8
  },
  {
    "map": "map_3",
    "name": "record_10[1].record_3.record_1",
    "overwrite_special": 0,
    "special_0": 0,
    "special_1": 1,
    "special_2": 2,
    "special_3": 3,
    "special_5": 10,
    "special_8": 8
  },
  {
    "map": "map_3",
    "name": "record_10[1].record_3.record_2",
    "overwrite_special": 1,
    "special_1": 1,
    "special_2": 2,
    "special_3": 3,
    "special_5": 10,
    "special_8": 8
  },
  {
    "map": "map_3",
    "name": "record_10[1].record_4[0].record_1",
    "overwrite_special": 0,
    "special_0": 0,
    "special_1": 1,
    "special_2": 2,
    "special_4": 4,
    "special_5": 10,
    "special_8": 8
  },
  {
    "map": "map_3",
    "name": "record_10[1].record_4[0].record_2",
    "overwrite_special": 1,
    "special_1": 1,
    "special_2": 2,
    "special_4": 4,
    "special_5": 10,
    "special_8": 8
  },
  {
    "map": "map_3",
    "name": "record_10[1].record_4[1].record_1",
    "overwrite_special": 0,
    "special_0": 0,
    "special_1": 1,
    "special_2": 2,
    "special_4": 4,
    "special_5": 10,
    "special_8": 8
  },
  {
    "map": "map_3",
    "name": "record_10[1].record_4[1].record_2",
    "overwrite_special": 1,
    "special_1": 1,
    "special_2": 2,
    "special_4": 4,
    "special_5": 10,
    "special_8": 8
  },
  {
    "map": "map_3",
    "name": "record_10[1].record_5",
    "overwrite_special": 2,
    "special_2": 2,
    "special_5": 10,
    "special_8": 8
  },
  {
    "map": "map_3",
    "name": "record_10[1].record_6.field_1",
    "overwrite_special": 15,
    "special_14": 14,
    "special_15": 15,
    "special_2": 2,
    "special_5": 10,
    "special_8": 8
  },
  {
    "map": "map_3",
    "name": "record_10[1].record_6.field_2",
    "overwrite_special": 14,
    "special_14": 14,
    "special_2": 2,
    "special_5": 10,
    "special_8": 8
  },
  {
    "map": "map_3",
    "name": "record_10[1].record_6.padding",
    "overwrite_special": 14,
    "reserved": true,
    "special_14": 14,
    "special_2": 2,
    "special_5": 10,
    "special_8": 8
  },
  {
    "map": "map_3",
    "name": "record_10[1].record_7[0].field_1",
    "overwrite_special": 15,
    "special_14": 14,
    "special_15": 15,
    "special_2": 2,
    "special_5": 10,
    "special_8": 8
  },
  {
    "map": "map_3",
    "name": "record_10[1].record_7[0].field_2",
    "overwrite_special": 14,
    "special_14": 14,
    "special_2": 2,
    "special_5": 10,
    "special_8": 8
  },
  {
    "map": "map_3",
    "name": "record_10[1].record_7[0].padding",
    "overwrite_special": 14,
    "reserved": true,
    "special_14": 14,
    "special_2": 2,
    "special_5": 10,
    "special_8": 8
  },
  {
    "map": "map_3",
    "name": "record_10[1].record_7[1].field_1",
    "overwrite_special": 15,
    "special_14": 14,
    "special_15": 15,
    "special_2": 2,
    "special_5": 10,
    "special_8": 8
  },
  {
    "map": "map_3",
    "name": "record_10[1].record_7[1].field_2",
    "overwrite_special": 14,
    "special_14": 14,
    "special_2": 2,
    "special_5": 10,
    "special_8": 8
  },
  {
    "map": "map_3",
    "name": "record_10[1].record_7[1].padding",
    "overwrite_special": 14,
    "reserved": true,
    "special_14": 14,
    "special_2": 2,
    "special_5": 10,
    "special_8": 8
  },
  {
    "map": "map_3",
    "name": "record_11",
    "overwrite_special": 8,
    "special_8": 8
  },
  {
    "map": "map_3",
    "name": "record_12.field_1",
    "overwrite_special": 15,
    "special_14": 14,
    "special_15": 15,
    "special_8": 8
  },
  {
    "map": "map_3",
    "name": "record_12.field_2",
    "overwrite_special": 14,
    "special_14": 14,
    "special_8": 8
  },
  {
    "map": "map_3",
    "name": "record_12.padding",
    "overwrite_special": 14,
    "reserved": true,
    "special_14": 14,
    "special_8": 8
  },
  {
    "map": "map_3",
    "name": "record_13[0].field_1",
    "overwrite_special": 15,
    "special_14": 14,
    "special_15": 15,
    "special_8": 8
  },
  {
    "map": "map_3",
    "name": "record_13[0].field_2",
    "overwrite_special": 14,
    "special_14": 14,
    "special_8": 8
  },
  {
    "map": "map_3",
    "name": "record_13[0].padding",
    "overwrite_special": 14,
    "reserved": true,
    "special_14": 14,
    "special_8": 8
  },
  {
    "map": "map_3",
    "name": "record_13[1].field_1",
    "overwrite_special": 15,
    "special_14": 14,
    "special_15": 15,
    "special_8": 8
  },
  {
    "map": "map_3",
    "name": "record_13[1].field_2",
    "overwrite_special": 14,
    "special_14": 14,
    "special_8": 8
  },
  {
    "map": "map_3",
    "name": "record_13[1].padding",
    "overwrite_special": 14,
    "reserved": true,
    "special_14": 14,
    "special_8": 8
  }
]